[obsidian.md/index.html]
[backblue.gif]
[fade.gif]
[index.html]
[obsidian.md/tailwindcd00.css]
[obsidian.md/favicon.ico]
[obsidian.md/favicon.svg]
[obsidian.md/apple-touch-icon.png]
[obsidian.md/feed.xml]
[obsidian.md/feed.json]
[obsidian.md/changelog.xml]
[obsidian.md/changelog.json]
[obsidian.md/images/banner.png]
[obsidian.md/download.html]
[obsidian.md/pricing.html]
[obsidian.md/sync.html]
[obsidian.md/publish.html]
[obsidian.md/community.html]
[obsidian.md/account/index.html]
[obsidian.md/plugins.html]
[obsidian.md/blog/index.html]
[obsidian.md/about.html]
[obsidian.md/changelog/index.html]
[obsidian.md/roadmap/index.html]
[obsidian.md/softwear.html]
[obsidian.md/images/screenshot-1.0-hero-combo.png]
[obsidian.md/images/obsidian-logo-gradient.svg]
[obsidian.md/canvas.html]
[obsidian.md/images/home-descartes.jpg]
[obsidian.md/images/home-spinoza.png]
[obsidian.md/images/home-wiki-hume.png]
[obsidian.md/images/sync-settings.png]
[obsidian.md/images/sync-diff.png]
[obsidian.md/images/sync-share.png]
[obsidian.md/images/publish-example-dark.png]
[obsidian.md/mobile.html]
[obsidian.md/license.html]
[obsidian.md/terms.html]
[obsidian.md/privacy.html]
[obsidian.md/security.html]
[obsidian.md/brand.html]
[obsidian.md/static.js]
[obsidian.md/download.js]
[obsidian.md/index.html]
[obsidian.md/graph.js]
[obsidian.md/fonts/Inter-Regular.woff2]
[obsidian.md/fonts/Inter-Italic.woff2]
[obsidian.md/fonts/Inter-Medium.woff2]
[obsidian.md/fonts/Inter-SemiBold.woff2]
[obsidian.md/fonts/Inter-SemiBoldItalic.woff2]
[obsidian.md/fonts/Inter-Bold.woff2]
[obsidian.md/images/checkerboard.png]
[obsidian.md/tailwindcd00.css]
[obsidian.md/favicon.svg]
[obsidian.md/download.html]
[obsidian.md/buy/license.html]
[obsidian.md/cdn-cgi/l/email-protection.html]
[obsidian.md/buy/sync.html]
[obsidian.md/buy/publish.html]
[obsidian.md/buy/catalyst.html]
[obsidian.md/cdn-cgi/scripts/5c5dd728/cloudflare-static/email-decode.min.js]
[obsidian.md/pricing.js]
[obsidian.md/pricing.html]
[obsidian.md/images/sync-share-dark.png]
[obsidian.md/sync.html]
[obsidian.md/images/publish-experience.png]
[obsidian.md/images/publish/marconoris.png]
[obsidian.md/images/publish/emrah.png]
[obsidian.md/images/publish/stephanlenvin-light.png]
[obsidian.md/images/publish/untested.png]
[obsidian.md/images/publish/compsci.png]
[obsidian.md/images/publish/chad.png]
[obsidian.md/publish.html]
[obsidian.md/community.html]
[obsidian.md/account/index.html]
[obsidian.md/account.js]
[obsidian.md/plugins.js]
[obsidian.md/plugins.html]
[obsidian.md/images/team/silver-alt.jpg]
[obsidian.md/blog/2024-obsidian-october/index.html]
[obsidian.md/images/team/kepano.png]
[obsidian.md/blog/standard-plan/index.html]
[obsidian.md/images/blog/jsoncanvas.png]
[obsidian.md/blog/json-canvas/index.html]
[obsidian.md/images/team/liam-alt.png]
[obsidian.md/blog/2023-goty-winners/index.html]
[obsidian.md/blog/cure53-security-audit/index.html]
[obsidian.md/images/blog/convert-apple-notes.png]
[obsidian.md/blog/2023-goty-nominations/index.html]
[obsidian.md/blog/new-sync-plans/index.html]
[obsidian.md/blog/goodbye-legacy-editor/index.html]
[obsidian.md/images/2023-07-importer.png]
[obsidian.md/blog/apple-notes-export/index.html]
[obsidian.md/blog/2023-obsidian-october/index.html]
[obsidian.md/blog/free-your-notes/index.html]
[obsidian.md/blog/verify-obsidian-sync-encryption/index.html]
[obsidian.md/images/team/licat-alt.png]
[obsidian.md/images/2023-06-logo.png]
[obsidian.md/blog/new-obsidian-icon/index.html]
[obsidian.md/images/team/marcusolsson.png]
[obsidian.md/blog/index.html]
[obsidian.md/blog/new-documentation-site/index.html]
[obsidian.md/blog/obsidian-publish-now-offers-more-for-less/index.html]
[obsidian.md/images/team/licat.png]
[obsidian.md/blog/2022-goty-winners/index.html]
[obsidian.md/blog/kepano-ceo/index.html]
[obsidian.md/blog/new-code-of-conduct/index.html]
[obsidian.md/images/team/silver.jpg]
[obsidian.md/blog/2022-goty-nominations/index.html]
[obsidian.md/blog/2022-obsidian-october-winners/index.html]
[obsidian.md/images/team/kepano-alt.jpg]
[obsidian.md/blog/page/2/index.html]
[obsidian.md/images/team/liam.png]
[obsidian.md/images/team/joethei-alt.png]
[obsidian.md/images/team/joethei.png]
[obsidian.md/images/team/mgmeyers-alt.png]
[obsidian.md/images/team/mgmeyers.jpg]
[obsidian.md/images/team/tgrosinger-alt.png]
[obsidian.md/images/team/tgrosinger.png]
[obsidian.md/images/team/sigrunixia-alt.png]
[obsidian.md/images/team/sigrunixia.png]
[obsidian.md/images/team/sandy-alt.png]
[obsidian.md/images/team/sandy.png]
[obsidian.md/about.html]
[obsidian.md/prism.js]
[obsidian.md/changelog/index.html]
[obsidian.md/changelog/2024-10-08-mobile-v1.7.4/index.html]
[obsidian.md/changelog/2024-10-08-desktop-v1.7.4/index.html]
[obsidian.md/images/banner-roadmap.png]
[obsidian.md/changelog/2024-09-24-mobile-v1.7.3/index.html]
[obsidian.md/changelog/2024-09-24-desktop-v1.7.3/index.html]
[obsidian.md/changelog/2024-09-19-mobile-v1.7.2/index.html]
[obsidian.md/changelog/2024-09-19-desktop-v1.7.2/index.html]
[obsidian.md/changelog/2024-08-27-mobile-v1.7.1/index.html]
[obsidian.md/changelog/2024-08-27-desktop-v1.7.1/index.html]
[obsidian.md/changelog/2024-08-08-mobile-v1.7.0/index.html]
[obsidian.md/changelog/2024-08-08-desktop-v1.7.0/index.html]
[obsidian.md/changelog/2024-07-18-mobile-v1.6.7/index.html]
[obsidian.md/changelog/2024-07-18-desktop-v1.6.7/index.html]
[obsidian.md/changelog/2024-07-11-mobile-v1.6.7/index.html]
[obsidian.md/changelog/2024-07-11-desktop-v1.6.7/index.html]
[obsidian.md/changelog/2024-07-09-mobile-v1.6.6/index.html]
[obsidian.md/changelog/2024-07-09-desktop-v1.6.6/index.html]
[obsidian.md/changelog/2024-06-25-mobile-v1.6.5/index.html]
[obsidian.md/changelog/2024-06-25-desktop-v1.6.5/index.html]
[obsidian.md/changelog/2024-06-20-mobile-v1.6.4/index.html]
[obsidian.md/changelog/2024-06-20-desktop-v1.6.4/index.html]
[obsidian.md/changelog/page/2/index.html]
[obsidian.md/changelog/page/3/index.html]
[obsidian.md/changelog/page/17/index.html]
[obsidian.md/changelog/2024-06-07-desktop-v1.6.2/index.html]
[obsidian.md/changelog/2024-03-05-publish/index.html]
[obsidian.md/changelog/2023-12-26-desktop-v1.5.3/index.html]
[obsidian.md/changelog/2023-11-20-desktop-v1.5.0/index.html]
[obsidian.md/changelog/2023-08-30-desktop-v1.4.5/index.html]
[obsidian.md/changelog/2023-06-26-desktop-v1.3.6/index.html]
[obsidian.md/changelog/2023-05-09-desktop-v1.3/index.html]
[obsidian.md/changelog/2023-04-18-publish/index.html]
[obsidian.md/changelog/2023-03-29-desktop-v1.2/index.html]
[obsidian.md/changelog/2023-02-27-publish/index.html]
[obsidian.md/changelog/2023-02-22-desktop-v1.1/index.html]
[obsidian.md/changelog/2022-12-05-desktop-v1.1.0/index.html]
[obsidian.md/changelog/2022-10-13-desktop-v1.0.0/index.html]
[obsidian.md/changelog/2022-09-29-desktop-v0.16.0/index.html]
[obsidian.md/changelog/2022-06-14-desktop-v0.15.0/index.html]
[obsidian.md/changelog/2022-05-10-desktop-v0.14.10/index.html]
[obsidian.md/changelog/2022-05-03-desktop-v0.14.8/index.html]
[obsidian.md/changelog/2022-04-25-desktop-v0.14.7/index.html]
[obsidian.md/changelog/2022-03-28-desktop-v0.14.3/index.html]
[obsidian.md/changelog/2022-03-14-desktop-v0.14.0/index.html]
[obsidian.md/changelog/2021-11-22-desktop-v0.13.5/index.html]
[obsidian.md/changelog/2021-11-10-desktop-v0.13.0/index.html]
[obsidian.md/changelog/2021-10-06-desktop-v0.12.17/index.html]
[obsidian.md/changelog/2021-06-21-desktop-v0.12.6/index.html]
[obsidian.md/changelog/2021-05-25-desktop-v0.12.4/index.html]
[obsidian.md/changelog/2021-03-14-desktop-v0.11.7/index.html]
[obsidian.md/changelog/2021-02-09-desktop-v0.11.0/index.html]
[obsidian.md/changelog/2021-02-01-desktop-v0.10.12/index.html]
[obsidian.md/changelog/2021-01-19-desktop-v0.10.9/index.html]
[obsidian.md/changelog/2021-01-11-desktop-v0.10.8/index.html]
[obsidian.md/changelog/2020-12-29-desktop-v0.10.3/index.html]
[obsidian.md/changelog/2020-12-21-desktop-v0.10.2/index.html]
[obsidian.md/changelog/2020-12-07-desktop-v0.9.21/index.html]
[obsidian.md/changelog/2020-11-25-desktop-v0.9.18/index.html]
[obsidian.md/changelog/2020-11-19-desktop-v0.9.16/index.html]
[obsidian.md/changelog/2020-11-03-desktop-v0.9.11/index.html]
[obsidian.md/changelog/2020-10-26-desktop-v0.9.7/index.html]
[obsidian.md/changelog/2020-10-19-desktop-v0.9.5/index.html]
[obsidian.md/changelog/2020-10-05-desktop-v0.9.3/index.html]
[obsidian.md/changelog/2020-09-30-desktop-v0.9.2/index.html]
[obsidian.md/changelog/2020-09-21-desktop-v0.9.0/index.html]
[obsidian.md/changelog/2020-09-14-desktop-v0.8.15/index.html]
[obsidian.md/changelog/2020-09-07-desktop-v0.8.13/index.html]
[obsidian.md/changelog/2020-08-21-desktop-v0.8.5/index.html]
[obsidian.md/changelog/2020-08-10-desktop-v0.8.3/index.html]
[obsidian.md/changelog/2020-07-21-desktop-v0.8.1/index.html]
[obsidian.md/changelog/2020-07-14-desktop-v0.8.0/index.html]
[obsidian.md/changelog/2020-07-02-desktop-v0.7.6/index.html]
[obsidian.md/changelog/2020-06-20-desktop-v0.7.4/index.html]
[obsidian.md/changelog/2020-05-29-desktop-v0.6.5/index.html]
[obsidian.md/changelog/2020-05-24-desktop-v0.6.3/index.html]
[obsidian.md/roadmap/changelog/2020-05-18-desktop-v0.6.0]
[obsidian.md/changelog/2020-05-18-desktop-v0.6.0/index.html]
[obsidian.md/changelog/2020-05-15-desktop-v0.5.2/index.html]
[obsidian.md/changelog/2020-05-13-desktop-v0.5.1/index.html]
[obsidian.md/changelog/2020-05-10-desktop-v0.5.0/index.html]
[obsidian.md/changelog/2020-04-27-desktop-v0.4.0/index.html]
[obsidian.md/changelog/2020-04-21-desktop-v0.3.0/index.html]
[obsidian.md/changelog/2020-04-13-desktop-v0.2.0/index.html]
[obsidian.md/changelog/2020-04-10-desktop-v0.1.0/index.html]
[obsidian.md/roadmap/index.html]
[obsidian.md/changelog/2020-04-05-desktop-v0.0.3/index.html]
[obsidian.md/changelog/2020-03-30-desktop-v0.0.1/index.html]
[obsidian.md/changelog/2020-04-02-desktop-v0.0.2/index.html]
[obsidian.md/images/softwear/softwear.jpg]
[obsidian.md/images/softwear/obsidian-tee-closeup.jpg]
[obsidian.md/images/softwear/obsidian-tee.jpg]
[obsidian.md/images/softwear/obsidian-crewneck-closeup.jpg]
[obsidian.md/images/softwear/obsidian-crewneck.jpg]
[obsidian.md/images/softwear/obsidian-black-cap-closeup.jpg]
[obsidian.md/images/softwear/obsidian-black-cap.jpg]
[obsidian.md/images/softwear/obsidian-pins.jpg]
[obsidian.md/images/softwear/obsidian-patches.jpg]
[obsidian.md/images/softwear/obsidian-stickers-purple.png]
[obsidian.md/images/softwear/obsidian-transfers.png]
[obsidian.md/softwear.html]
[obsidian.md/images/obsidian-logo-gradient.svg]
[obsidian.md/images/canvas/canvas-hero.mp4]
[obsidian.md/images/canvas/obsidian-canvas-cookies.png]
[obsidian.md/images/canvas/demo-help-vault.png]
[obsidian.md/images/canvas/canvas-hero.png]
[obsidian.md/videos/01-create-canvas-from-ribbon.mp4]
[obsidian.md/canvas.html]
[obsidian.md/images/screenshot-tablet-1.png]
[obsidian.md/images/screenshot-tablet-3.png]
[obsidian.md/images/screenshot-tablet-4.png]
[obsidian.md/images/screenshot-tablet-2.png]
[obsidian.md/mobile.html]
[obsidian.md/license.html]
[obsidian.md/terms.html]
[obsidian.md/privacy.html]
[obsidian.md/files/security/2023-11-Obsidian-Cure53-Audit-Summary.pdf]
[obsidian.md/files/security/2023-11-Obsidian-Cure53-Audit-Full.pdf]
[obsidian.md/security.html]
[obsidian.md/images/obsidian-logo-text-white-purple.svg]
[obsidian.md/images/obsidian-logo-text-purple.svg]
[obsidian.md/images/obsidian-logo-text-black.svg]
[obsidian.md/brand.html]
[obsidian.md/buy/license.html]
[obsidian.md/cdn-cgi/l/email-protection.html]
[obsidian.md/buy_license.js]
[obsidian.md/buy/sync.html]
[obsidian.md/buy_sync.js]
[obsidian.md/buy/publish.html]
[obsidian.md/buy_publish.js]
[obsidian.md/buy/catalyst.html]
[obsidian.md/blog/2024-obsidian-october/index.html]
[obsidian.md/blog/standard-plan/index.html]
[obsidian.md/blog/json-canvas/index.html]
[obsidian.md/blog/2023-goty-winners/index.html]
[obsidian.md/buy_catalyst.js]
[obsidian.md/blog/cure53-security-audit/index.html]
[obsidian.md/blog/2023-goty-nominations/index.html]
[obsidian.md/blog/new-sync-plans/index.html]
[obsidian.md/blog/2020-goty-winners/index.html]
[obsidian.md/blog/2021-goty-winners/index.html]
[obsidian.md/images/blog/remove-legacy-editor.png]
[obsidian.md/images/blog/table-editing.gif]
[obsidian.md/blog/goodbye-legacy-editor/index.html]
[obsidian.md/images/blog/import-apple-notes.png]
[obsidian.md/blog/apple-notes-export/index.html]
[obsidian.md/blog/2023-obsidian-october/index.html]
[obsidian.md/blog/free-your-notes/index.html]
[obsidian.md/blog/verify-obsidian-sync-encryption/index.html]
[obsidian.md/plugins360d.html]
[obsidian.md/images/2023-06-logo-reductions.png]
[obsidian.md/logogen.js]
[obsidian.md/blog/new-obsidian-icon/index.html]
[obsidian.md/blog/new-documentation-site/index.html]
[obsidian.md/blog/obsidian-publish-now-offers-more-for-less/index.html]
[forum.obsidian.md/uploads/default/original/3X/6/f/6f7973320e134c5c674535f238e4c1a1a317149f.png]
[forum.obsidian.md/uploads/default/original/3X/e/3/e343f2208d01a4a88ff995f06a600a36fc7f9884.jpg]
[raw.githubusercontent.com/catppuccin/obsidian/main/assets/screenshot-hq.png]
[forum.obsidian.md/uploads/default/original/3X/b/b/bbc748cbadf4ac049fd74a7cfada27698a6bdee6.png]
[obsidian.md/blog/2022-goty-winners/index.html]
[obsidian.md/blog/kepano-ceo/index.html]
[obsidian.md/blog/new-code-of-conduct/index.html]
[obsidian.md/blog/2022-goty-nominations/index.html]
[forum.obsidian.md/uploads/default/original/3X/a/3/a3685f32c1c2c20f4dd31e3a0a9040a07fbab3d7.png]
[forum.obsidian.md/uploads/default/original/3X/f/9/f9392760c33cc784b46b6d7bb0745c0ae8466451.jpg]
[obsidian.md/blog/2022-obsidian-october-winners/index.html]
[obsidian.md/blog/page/2/index.html]
[obsidian.md/changelog/2024-10-08-mobile-v1.7.4/index.html]
[obsidian.md/blog/2022-obsidian-october-announcement/index.html]
[obsidian.md/changelog/2024-10-08-desktop-v1.7.4/index.html]
[obsidian.md/blog/how-to-update-plugins-to-support-pop-out-windows/index.html]
[obsidian.md/blog/1-0-theme-migration-guide/index.html]
[obsidian.md/changelog/2024-09-24-mobile-v1.7.3/index.html]
[obsidian.md/blog/codemirror-6-migration-guide/index.html]
[obsidian.md/changelog/2024-09-24-desktop-v1.7.3/index.html]
[obsidian.md/blog/2021-goty-nominations/index.html]
[obsidian.md/changelog/2024-09-19-mobile-v1.7.2/index.html]
[obsidian.md/blog/live-preview-update/index.html]
[obsidian.md/changelog/2024-09-19-desktop-v1.7.2/index.html]
[obsidian.md/blog/last-chance-to-get-early-bird/index.html]
[obsidian.md/changelog/2024-08-27-mobile-v1.7.1/index.html]
[obsidian.md/changelog/2024-08-27-desktop-v1.7.1/index.html]
[obsidian.md/changelog/2024-08-08-mobile-v1.7.0/index.html]
[obsidian.md/changelog/2024-08-08-desktop-v1.7.0/index.html]
[obsidian.md/changelog/2024-07-18-mobile-v1.6.7/index.html]
[obsidian.md/changelog/2024-07-18-desktop-v1.6.7/index.html]
[obsidian.md/changelog/2024-07-11-mobile-v1.6.7/index.html]
[obsidian.md/changelog/2024-07-11-desktop-v1.6.7/index.html]
[obsidian.md/changelog/2024-07-09-mobile-v1.6.6/index.html]
[obsidian.md/changelog/2024-07-09-desktop-v1.6.6/index.html]
[obsidian.md/changelog/2024-06-25-mobile-v1.6.5/index.html]
[obsidian.md/changelog/2024-06-25-desktop-v1.6.5/index.html]
[obsidian.md/changelog/2024-06-20-mobile-v1.6.4/index.html]
[obsidian.md/changelog/2024-06-20-desktop-v1.6.4/index.html]
[obsidian.md/blog/2021-obsidian-october-winners/index.html]
[obsidian.md/blog/2021-obsidian-october-announcement/index.html]
[obsidian.md/changelog/page/2/index.html]
[obsidian.md/changelog/page/3/index.html]
[obsidian.md/blog/2020-goty-nominations/index.html]
[obsidian.md/changelog/page/17/index.html]
[obsidian.md/changelog/2024-06-08-mobile-v1.6.3/index.html]
[obsidian.md/changelog/2024-06-08-desktop-v1.6.3/index.html]
[obsidian.md/changelog/2024-06-07-mobile-v1.6.2/index.html]
[obsidian.md/changelog/2024-06-07-desktop-v1.6.2/index.html]
[obsidian.md/changelog/2024-06-04-mobile-v1.6.2/index.html]
[obsidian.md/changelog/2024-03-05-publish/index.html]
[obsidian.md/changelog/2024-06-04-desktop-v1.6.2/index.html]
[obsidian.md/changelog/2024-05-22-mobile-v1.6.1/index.html]
[obsidian.md/changelog/2023-12-26-desktop-v1.5.3/index.html]
[obsidian.md/changelog/2024-05-22-desktop-v1.6.1/index.html]
[obsidian.md/changelog/2024-05-09-desktop-v1.6.0/index.html]
[obsidian.md/changelog/2023-11-20-desktop-v1.5.0/index.html]
[obsidian.md/changelog/2024-03-31-mobile-v1.5.12/index.html]
[obsidian.md/changelog/2024-03-31-desktop-v1.5.12/index.html]
[obsidian.md/changelog/2023-08-30-desktop-v1.4.5/index.html]
[obsidian.md/changelog/2024-03-19-mobile-v1.5.11/index.html]
[obsidian.md/changelog/2024-03-19-desktop-v1.5.11/index.html]
[obsidian.md/changelog/2023-06-26-desktop-v1.3.6/index.html]
[obsidian.md/changelog/2024-03-13-mobile-v1.5.11/index.html]
[obsidian.md/changelog/2024-03-13-desktop-v1.5.11/index.html]
[obsidian.md/changelog/2024-03-04-desktop-v1.5.10/index.html]
[obsidian.md/changelog/2024-03-04-desktop-v1.5.9/index.html]
[obsidian.md/changelog/2023-05-09-desktop-v1.3/index.html]
[obsidian.md/changelog/2024-03-04-mobile-v1.5.9/index.html]
[obsidian.md/changelog/2023-04-18-publish/index.html]
[obsidian.md/changelog/2024-02-22-desktop-v1.5.8/index.html]
[obsidian.md/changelog/2024-02-22-mobile-v1.5.8/index.html]
[obsidian.md/changelog/2024-02-20-mobile-v1.5.7/index.html]
[obsidian.md/changelog/2024-02-21-desktop-v1.5.8/index.html]
[obsidian.md/changelog/2024-02-20-desktop-v1.5.7/index.html]
[obsidian.md/changelog/2024-02-16-mobile-v1.5.6/index.html]
[user-images.githubusercontent.com/693981/228591430-6583bd93-f289-4ebb-ad5e-471db25f808e.png]
[obsidian.md/changelog/2024-02-16-desktop-v1.5.6/index.html]
[obsidian.md/changelog/2024-02-13-mobile-v1.5.5/index.html]
[obsidian.md/changelog/2024-02-13-desktop-v1.5.5/index.html]
[obsidian.md/changelog/2024-02-06-mobile-v1.5.4/index.html]
[obsidian.md/changelog/2024-02-06-desktop-v1.5.4/index.html]
[user-images.githubusercontent.com/693981/228591803-06d2bb79-8192-427b-8c6e-daaef08c84ec.png]
[obsidian.md/changelog/2023-12-26-desktop-v1.5.3-diff/index.html]
[obsidian.md/changelog/2023-12-12-desktop-v1.5.2/index.html]
[obsidian.md/changelog/2023-11-29-desktop-v1.5.1/index.html]
[user-images.githubusercontent.com/693981/228592343-74ad4f95-3efe-409e-8f3e-435b3741e334.png]
[obsidian.md/changelog/2023-10-13-mobile-v1.4.16/index.html]
[user-images.githubusercontent.com/693981/228592415-db073fdd-5140-4c99-bd2d-1e7b6d419a42.png]
[obsidian.md/changelog/2023-03-29-desktop-v1.2/index.html]
[obsidian.md/changelog/2023-02-27-publish/index.html]
[obsidian.md/changelog/2023-10-10-mobile-v1.4.14/index.html]
[obsidian.md/changelog/2023-10-13-desktop-v1.4.16/index.html]
[obsidian.md/changelog/2023-10-10-desktop-v1.4.15/index.html]
[obsidian.md/changelog/page/4/index.html]
[obsidian.md/changelog/2023-09-26-desktop-v1.4.14/index.html]
[obsidian.md/changelog/2020-05-15-desktop-v0.5.3/index.html]
[user-images.githubusercontent.com/693981/220686409-b09002a7-ba40-42df-a76e-79d513bd8526.gif]
[obsidian.md/changelog/2023-02-22-desktop-v1.1/index.html]
[obsidian.md/changelog/2020-05-04-desktop-v0.4.1/index.html]
[obsidian.md/changelog/page/15/index.html]
[obsidian.md/changelog/page/16/index.html]
[user-images.githubusercontent.com/693981/205718501-d9fe405b-6684-41c8-a3b3-eb5da73777d2.png]
[obsidian.md/changelog/2022-12-05-desktop-v1.1.0/index.html]
[obsidian.md/changelog/2023-08-23-desktop-v1.4.4/index.html]
[obsidian.md/changelog/2023-06-01-mobile-v1.4.6/index.html]
[obsidian.md/changelog/2023-08-30-mobile-v1.4.8/index.html]
[obsidian.md/changelog/2023-06-26-desktop-v1.3.7/index.html]
[obsidian.md/changelog/2023-05-03-desktop-v1.2.8/index.html]
[obsidian.md/changelog/2023-05-15-desktop-v1.3.1/index.html]
[user-images.githubusercontent.com/693981/191052493-8109f1a1-411c-4b61-b435-788d0cac3231.png]
[obsidian.md/changelog/2023-04-14-desktop-v1.2.3/index.html]
[obsidian.md/changelog/2023-04-20-desktop-v1.2.5/index.html]
[user-images.githubusercontent.com/693981/188205363-0f24b2a5-3706-4a8c-b38b-7a66baa68ce6.gif]
[obsidian.md/changelog/2022-10-13-desktop-v1.0.0/index.html]
[obsidian.md/changelog/2023-03-29-desktop-v1.2.0/index.html]
[obsidian.md/changelog/2023-03-31-desktop-v1.2.1/index.html]
[obsidian.md/changelog/2022-09-29-desktop-v0.16.0/index.html]
[obsidian.md/changelog/2023-03-01-desktop-v1.1.16/index.html]
[obsidian.md/changelog/2023-02-22-desktop-v1.1.15/index.html]
[obsidian.md/changelog/2022-06-14-desktop-v0.15.0/index.html]
[obsidian.md/changelog/2022-10-26-mobile-v1.4.1/index.html]
[obsidian.md/changelog/2022-12-08-desktop-v1.1.1/index.html]
[obsidian.md/changelog/2022-05-10-desktop-v0.14.10/index.html]
[obsidian.md/changelog/2022-10-06-desktop-v0.16.5/index.html]
[obsidian.md/changelog/2022-09-19-desktop-v0.16.3/index.html]
[obsidian.md/changelog/2022-10-19-mobile-v1.4.0/index.html]
[obsidian.md/changelog/2022-05-03-desktop-v0.14.8/index.html]
[obsidian.md/changelog/2022-10-03-desktop-v0.16.4/index.html]
[obsidian.md/changelog/2022-06-07-mobile-v1.2.2/index.html]
[obsidian.md/changelog/2022-06-15-desktop-v0.15.1/index.html]
[obsidian.md/changelog/2022-04-25-desktop-v0.14.7/index.html]
[obsidian.md/changelog/2022-05-03-desktop-v0.14.9/index.html]
[obsidian.md/changelog/2022-03-28-desktop-v0.14.3/index.html]
[obsidian.md/changelog/2022-04-11-mobile-v1.2.1/index.html]
[obsidian.md/changelog/2022-03-14-desktop-v0.14.0/index.html]
[obsidian.md/changelog/2022-05-16-desktop-v0.14.11/index.html]
[obsidian.md/changelog/2022-03-21-mobile-v1.1.1/index.html]
[obsidian.md/changelog/2022-03-31-desktop-v0.14.4/index.html]
[obsidian.md/changelog/2021-11-22-desktop-v0.13.5/index.html]
[obsidian.md/changelog/2022-03-10-desktop-v0.13.33/index.html]
[obsidian.md/changelog/2021-11-10-desktop-v0.13.0/index.html]
[obsidian.md/changelog/2021-11-19-desktop-v0.13.4/index.html]
[obsidian.md/changelog/2022-03-16-desktop-v0.14.1/index.html]
[obsidian.md/changelog/2021-11-25-desktop-v0.13.6/index.html]
[obsidian.md/changelog/2021-10-06-desktop-v0.12.17/index.html]
[obsidian.md/changelog/2021-11-08-mobile-v1.0.5/index.html]
[obsidian.md/changelog/2021-06-21-desktop-v0.12.6/index.html]
[obsidian.md/changelog/2021-11-11-desktop-v0.13.1/index.html]
[obsidian.md/changelog/2021-09-14-desktop-v0.12.16/index.html]
[obsidian.md/changelog/2021-05-25-desktop-v0.12.4/index.html]
[obsidian.md/changelog/2021-10-12-desktop-v0.12.18/index.html]
[obsidian.md/changelog/2021-03-14-desktop-v0.11.7/index.html]
[obsidian.md/changelog/2021-06-07-desktop-v0.12.5/index.html]
[obsidian.md/changelog/2021-06-23-desktop-v0.12.7/index.html]
[obsidian.md/changelog/2021-02-09-desktop-v0.11.0/index.html]
[obsidian.md/changelog/2021-05-10-desktop-v0.12.3/index.html]
[obsidian.md/changelog/2021-05-31-mobile-v0.1.0/index.html]
[obsidian.md/changelog/2021-02-01-desktop-v0.10.12/index.html]
[obsidian.md/changelog/2021-03-12-mobile-v0.0.11/index.html]
[obsidian.md/changelog/2021-03-17-mobile-v0.0.12/index.html]
[obsidian.md/changelog/2021-01-19-desktop-v0.10.9/index.html]
[obsidian.md/changelog/2021-02-05-desktop-v0.10.13/index.html]
[obsidian.md/changelog/2021-02-16-desktop-v0.11.1/index.html]
[obsidian.md/changelog/2021-01-11-desktop-v0.10.8/index.html]
[obsidian.md/changelog/2021-01-28-desktop-v0.10.11/index.html]
[obsidian.md/changelog/2020-12-29-desktop-v0.10.3/index.html]
[obsidian.md/changelog/2021-01-25-desktop-v0.10.10/index.html]
[obsidian.md/changelog/2021-01-07-desktop-v0.10.7/index.html]
[obsidian.md/changelog/2020-12-21-desktop-v0.10.2/index.html]
[obsidian.md/changelog/2020-12-07-desktop-v0.9.21/index.html]
[obsidian.md/changelog/2020-12-30-desktop-v0.10.4/index.html]
[obsidian.md/changelog/2020-12-16-desktop-v0.10.1/index.html]
[obsidian.md/changelog/2020-12-02-desktop-v0.9.20/index.html]
[obsidian.md/changelog/2020-11-25-desktop-v0.9.18/index.html]
[obsidian.md/changelog/2020-11-19-desktop-v0.9.16/index.html]
[obsidian.md/changelog/2020-11-03-desktop-v0.9.11/index.html]
[obsidian.md/changelog/2020-12-08-desktop-v0.9.22/index.html]
[obsidian.md/changelog/2020-11-21-desktop-v0.9.17/index.html]
[obsidian.md/changelog/2020-10-26-desktop-v0.9.7/index.html]
[obsidian.md/changelog/2020-11-26-desktop-v0.9.19/index.html]
[obsidian.md/changelog/2020-10-30-desktop-v0.9.10/index.html]
[obsidian.md/changelog/2020-11-10-desktop-v0.9.12/index.html]
[obsidian.md/changelog/2020-10-19-desktop-v0.9.5/index.html]
[obsidian.md/changelog/2020-11-17-desktop-v0.9.15/index.html]
[obsidian.md/changelog/2020-10-05-desktop-v0.9.3/index.html]
[obsidian.md/changelog/2020-09-30-desktop-v0.9.2/index.html]
[obsidian.md/changelog/2020-10-20-desktop-v0.9.6/index.html]
[obsidian.md/changelog/2020-09-21-desktop-v0.9.0/index.html]
[obsidian.md/changelog/2020-09-14-desktop-v0.8.15/index.html]
[obsidian.md/changelog/2020-10-29-desktop-v0.9.8/index.html]
[obsidian.md/changelog/2020-09-07-desktop-v0.8.13/index.html]
[obsidian.md/changelog/2020-10-13-desktop-v0.9.4/index.html]
[obsidian.md/changelog/2020-08-21-desktop-v0.8.5/index.html]
[obsidian.md/changelog/2020-09-24-desktop-v0.9.1/index.html]
[obsidian.md/changelog/2020-09-10-desktop-v0.8.14/index.html]
[obsidian.md/changelog/2020-08-10-desktop-v0.8.3/index.html]
[obsidian.md/changelog/2020-09-07-desktop-v0.8.12/index.html]
[obsidian.md/changelog/2020-07-21-desktop-v0.8.1/index.html]
[obsidian.md/changelog/2020-07-14-desktop-v0.8.0/index.html]
[obsidian.md/changelog/2020-07-02-desktop-v0.7.6/index.html]
[obsidian.md/changelog/2020-08-24-desktop-v0.8.6/index.html]
[obsidian.md/changelog/2020-08-12-desktop-v0.8.4/index.html]
[obsidian.md/changelog/2020-06-20-desktop-v0.7.4/index.html]
[obsidian.md/changelog/2020-05-29-desktop-v0.6.5/index.html]
[obsidian.md/changelog/2020-07-30-desktop-v0.8.2/index.html]
[obsidian.md/changelog/2020-05-24-desktop-v0.6.3/index.html]
[obsidian.md/changelog/2020-07-01-desktop-v0.7.5/index.html]
[obsidian.md/changelog/2020-06-14-desktop-v0.7.3/index.html]
[obsidian.md/changelog/2020-05-24-desktop-v0.6.4/index.html]
[obsidian.md/changelog/2020-05-18-desktop-v0.6.0/index.html]
[obsidian.md/roadmap/changelog/2020-05-18-desktop-v0.6.html]
[obsidian.md/changelog/2020-05-15-desktop-v0.5.2/index.html]
[obsidian.md/changelog/2020-05-13-desktop-v0.5.1/index.html]
[obsidian.md/changelog/2020-05-10-desktop-v0.5.0/index.html]
[obsidian.md/changelog/2020-04-27-desktop-v0.4.0/index.html]
[obsidian.md/changelog/2020-04-21-desktop-v0.3.0/index.html]
[obsidian.md/changelog/2020-04-13-desktop-v0.2.0/index.html]
[obsidian.md/changelog/2020-04-10-desktop-v0.1.0/index.html]
[obsidian.md/changelog/2020-04-05-desktop-v0.0.3/index.html]
[obsidian.md/changelog/2020-04-02-desktop-v0.0.2/index.html]
[obsidian.md/changelog/2020-03-30-desktop-v0.0.1/index.html]
[obsidian.md/images/obsidian-logo-text-white-purple.svg]
[obsidian.md/images/obsidian-logo-text-purple.svg]
[obsidian.md/images/obsidian-logo-text-black.svg]
[obsidian.md/blog/2020-goty-winners/index.html]
[obsidian.md/changelog/2020-05-22-desktop-v0.6.2/index.html]
[obsidian.md/changelog/2020-06-01-desktop-v0.6.6/index.html]
[obsidian.md/blog/2021-goty-winners/index.html]
[obsidian.md/plugins360d.html]
[obsidian.md/blog/2022-obsidian-october-announcement/index.html]
[obsidian.md/blog/1-0-theme-migration-guide/index.html]
[obsidian.md/blog/how-to-update-plugins-to-support-pop-out-windows/index.html]
[obsidian.md/blog/codemirror-6-migration-guide/index.html]
[obsidian.md/goty2021.html]
[obsidian.md/changelog/2020-05-22-desktop-v0.6.1/index.html]
[publish-01.obsidian.md/access/f786db9fac45774fa4f0d8112e232d67/Attachments/Source view.png]
[publish-01.obsidian.md/access/f786db9fac45774fa4f0d8112e232d67/Attachments/Live preview.gif]
[publish-01.obsidian.md/access/f786db9fac45774fa4f0d8112e232d67/Attachments/Editor update chart.png]
[obsidian.md/blog/live-preview-update/index.html]
[obsidian.md/blog/2021-goty-nominations/index.html]
[obsidian.md/blog/2021-obsidian-october-winners/index.html]
[obsidian.md/blog/2021-obsidian-october-announcement/index.html]
[obsidian.md/blog/last-chance-to-get-early-bird/index.html]
[obsidian.md/blog/2020-goty-nominations/index.html]
[obsidian.md/changelog/2024-06-08-mobile-v1.6.3/index.html]
[obsidian.md/changelog/2024-06-08-desktop-v1.6.3/index.html]
[obsidian.md/changelog/2024-06-07-mobile-v1.6.2/index.html]
[obsidian.md/changelog/2024-06-04-mobile-v1.6.2/index.html]
[obsidian.md/changelog/2024-06-04-desktop-v1.6.2/index.html]
[obsidian.md/changelog/2024-05-22-mobile-v1.6.1/index.html]
[obsidian.md/changelog/2024-05-22-desktop-v1.6.1/index.html]
[obsidian.md/changelog/2024-05-09-desktop-v1.6.0/index.html]
[obsidian.md/changelog/2024-03-31-mobile-v1.5.12/index.html]
[obsidian.md/changelog/2024-03-31-desktop-v1.5.12/index.html]
[obsidian.md/changelog/2024-03-19-mobile-v1.5.11/index.html]
[obsidian.md/changelog/2024-03-19-desktop-v1.5.11/index.html]
[obsidian.md/changelog/2024-03-13-mobile-v1.5.11/index.html]
[obsidian.md/changelog/2024-03-13-desktop-v1.5.11/index.html]
[obsidian.md/changelog/2024-03-04-desktop-v1.5.10/index.html]
[obsidian.md/changelog/2024-03-04-mobile-v1.5.9/index.html]
[obsidian.md/changelog/2024-03-04-desktop-v1.5.9/index.html]
[obsidian.md/changelog/2024-02-22-mobile-v1.5.8/index.html]
[obsidian.md/changelog/2024-02-22-desktop-v1.5.8/index.html]
[obsidian.md/changelog/2024-02-21-desktop-v1.5.8/index.html]
[obsidian.md/changelog/2024-02-20-mobile-v1.5.7/index.html]
[obsidian.md/changelog/2024-02-20-desktop-v1.5.7/index.html]
[obsidian.md/changelog/2024-02-16-mobile-v1.5.6/index.html]
[obsidian.md/changelog/2024-02-16-desktop-v1.5.6/index.html]
[obsidian.md/changelog/2024-02-13-mobile-v1.5.5/index.html]
[obsidian.md/changelog/2024-02-13-desktop-v1.5.5/index.html]
[obsidian.md/changelog/2024-02-06-mobile-v1.5.4/index.html]
[obsidian.md/changelog/2024-02-06-desktop-v1.5.4/index.html]
[obsidian.md/changelog/2023-12-26-desktop-v1.5.3-diff/index.html]
[obsidian.md/changelog/2023-12-12-desktop-v1.5.2/index.html]
[obsidian.md/changelog/2023-11-29-desktop-v1.5.1/index.html]
[obsidian.md/changelog/2023-10-13-mobile-v1.4.16/index.html]
[obsidian.md/changelog/2023-10-13-desktop-v1.4.16/index.html]
[obsidian.md/changelog/2023-10-10-mobile-v1.4.14/index.html]
[obsidian.md/changelog/2023-10-10-desktop-v1.4.15/index.html]
[obsidian.md/changelog/2023-09-26-desktop-v1.4.14/index.html]
[obsidian.md/changelog/page/4/index.html]
[obsidian.md/october2021.html]
[obsidian.md/changelog/2020-05-15-desktop-v0.5.3/index.html]
[obsidian.md/changelog/2023-09-22-mobile-v1.4.12/index.html]
[obsidian.md/changelog/2023-09-22-desktop-v1.4.14/index.html]
[obsidian.md/changelog/2020-05-04-desktop-v0.4.1/index.html]
[obsidian.md/changelog/2023-09-11-desktop-v1.4.12/index.html]
[obsidian.md/changelog/2023-09-15-desktop-v1.4.13/index.html]
[obsidian.md/changelog/page/15/index.html]
[obsidian.md/changelog/2023-09-11-desktop-v1.4.11/index.html]
[obsidian.md/changelog/2023-09-11-desktop-v1.4.10/index.html]
[obsidian.md/changelog/page/16/index.html]
[obsidian.md/changelog/2023-09-07-desktop-v1.4.9/index.html]
[obsidian.md/changelog/2023-09-05-desktop-v1.4.8/index.html]
[obsidian.md/changelog/2023-08-23-desktop-v1.4.4/index.html]
[obsidian.md/changelog/2023-09-02-desktop-v1.4.6/index.html]
[obsidian.md/changelog/2023-08-31-mobile-v1.4.8/index.html]
[obsidian.md/changelog/2023-08-30-mobile-v1.4.8/index.html]
[obsidian.md/changelog/2023-08-31-desktop-v1.4.5/index.html]
[obsidian.md/changelog/2023-07-31-desktop-v1.4.3/index.html]
[obsidian.md/changelog/2023-06-01-mobile-v1.4.6/index.html]
[obsidian.md/changelog/2023-07-31-desktop-v1.4.2/index.html]
[obsidian.md/changelog/2023-07-27-desktop-v1.4.1/index.html]
[obsidian.md/changelog/2023-07-31-desktop-v1.3.7/index.html]
[obsidian.md/changelog/2023-06-26-desktop-v1.3.7/index.html]
[obsidian.md/changelog/2023-07-24-publish/index.html]
[obsidian.md/changelog/2023-07-26-desktop-v1.4.0/index.html]
[obsidian.md/changelog/2023-05-03-desktop-v1.2.8/index.html]
[obsidian.md/changelog/2020-09-01-desktop-v0.8.11/index.html]
[obsidian.md/changelog/page/5/index.html]
[obsidian.md/changelog/2023-05-15-desktop-v1.3.1/index.html]
[obsidian.md/changelog/2020-08-31-desktop-v0.8.10/index.html]
[obsidian.md/changelog/2020-08-24-desktop-v0.8.8/index.html]
[obsidian.md/changelog/2020-08-31-desktop-v0.8.9/index.html]
[obsidian.md/changelog/2023-04-14-desktop-v1.2.3/index.html]
[obsidian.md/changelog/2020-08-24-desktop-v0.8.7/index.html]
[obsidian.md/changelog/2023-04-20-desktop-v1.2.5/index.html]
[obsidian.md/changelog/2020-06-13-desktop-v0.7.2/index.html]
[obsidian.md/changelog/2020-06-09-desktop-v0.7.0/index.html]
[obsidian.md/changelog/page/14/index.html]
[obsidian.md/changelog/2020-06-10-desktop-v0.7.1/index.html]
[obsidian.md/changelog/2023-03-29-desktop-v1.2.0/index.html]
[obsidian.md/changelog/2023-03-31-desktop-v1.2.1/index.html]
[obsidian.md/changelog/2020-06-02-desktop-v0.6.7/index.html]
[obsidian.md/changelog/2023-03-01-desktop-v1.1.16/index.html]
[obsidian.md/changelog/2023-06-01-mobile-v1.4.7/index.html]
[obsidian.md/changelog/2023-05-02-mobile-v1.4.4/index.html]
[obsidian.md/changelog/2023-02-22-desktop-v1.1.15/index.html]
[obsidian.md/changelog/2023-06-01-desktop-v1.3.5/index.html]
[obsidian.md/changelog/2022-10-26-mobile-v1.4.1/index.html]
[obsidian.md/changelog/2023-05-19-desktop-v1.3.2/index.html]
[obsidian.md/changelog/2023-04-04-desktop-v1.2.2/index.html]
[obsidian.md/changelog/2022-12-08-desktop-v1.1.1/index.html]
[obsidian.md/changelog/2023-04-25-publish/index.html]
[obsidian.md/changelog/2022-10-06-desktop-v0.16.5/index.html]
[obsidian.md/changelog/2022-10-19-mobile-v1.4.0/index.html]
[obsidian.md/changelog/2023-02-16-desktop-v1.1.14/index.html]
[obsidian.md/changelog/2022-09-19-desktop-v0.16.3/index.html]
[obsidian.md/changelog/2022-10-26-desktop-v1.0.3/index.html]
[obsidian.md/changelog/2022-10-03-desktop-v0.16.4/index.html]
[obsidian.md/changelog/2022-06-07-mobile-v1.2.2/index.html]
[obsidian.md/changelog/2022-12-08-desktop-v1.1.2/index.html]
[obsidian.md/changelog/2022-06-15-desktop-v0.15.1/index.html]
[obsidian.md/changelog/2022-10-20-desktop-v1.0.1/index.html]
[obsidian.md/changelog/2022-09-02-desktop-v0.16.2/index.html]
[obsidian.md/changelog/2022-05-03-desktop-v0.14.9/index.html]
[obsidian.md/changelog/2022-05-16-desktop-v0.14.11/index.html]
[obsidian.md/changelog/2022-04-11-mobile-v1.2.1/index.html]
[obsidian.md/changelog/2022-05-27-desktop-v0.14.15/index.html]
[obsidian.md/changelog/2022-03-21-mobile-v1.1.1/index.html]
[obsidian.md/changelog/2022-06-17-desktop-v0.15.2/index.html]
[obsidian.md/changelog/2022-03-31-desktop-v0.14.4/index.html]
[obsidian.md/changelog/2022-04-11-desktop-v0.14.6/index.html]
[obsidian.md/changelog/2022-05-16-desktop-v0.14.12/index.html]
[obsidian.md/changelog/2022-03-10-desktop-v0.13.33/index.html]
[obsidian.md/changelog/2022-03-16-desktop-v0.14.1/index.html]
[obsidian.md/changelog/2022-03-19-mobile-v1.2.0/index.html]
[obsidian.md/changelog/2021-11-19-desktop-v0.13.4/index.html]
[obsidian.md/changelog/2022-04-01-desktop-v0.14.5/index.html]
[obsidian.md/changelog/2022-03-09-desktop-v0.13.32/index.html]
[obsidian.md/changelog/2022-03-17-desktop-v0.14.2/index.html]
[obsidian.md/changelog/2021-11-25-desktop-v0.13.6/index.html]
[obsidian.md/changelog/2021-11-08-mobile-v1.0.5/index.html]
[obsidian.md/changelog/2021-11-11-desktop-v0.13.1/index.html]
[obsidian.md/changelog/2021-11-19-desktop-v0.13.3/index.html]
[obsidian.md/changelog/2021-09-14-desktop-v0.12.16/index.html]
[obsidian.md/changelog/2021-10-15-desktop-v0.12.19/index.html]
[obsidian.md/changelog/2021-11-12-desktop-v0.13.2/index.html]
[obsidian.md/changelog/2021-10-12-desktop-v0.12.18/index.html]
[obsidian.md/changelog/2021-06-07-desktop-v0.12.5/index.html]
[obsidian.md/changelog/2021-06-23-desktop-v0.12.7/index.html]
[obsidian.md/changelog/2021-12-03-desktop-v0.13.7/index.html]
[obsidian.md/changelog/2021-05-10-desktop-v0.12.3/index.html]
[obsidian.md/changelog/2021-08-29-desktop-v0.12.15/index.html]
[obsidian.md/changelog/2021-05-31-mobile-v0.1.0/index.html]
[obsidian.md/changelog/2021-03-12-mobile-v0.0.11/index.html]
[obsidian.md/changelog/2021-06-28-desktop-v0.12.8/index.html]
[obsidian.md/changelog/2021-03-17-mobile-v0.0.12/index.html]
[obsidian.md/changelog/2021-06-02-mobile-v0.1.1/index.html]
[obsidian.md/changelog/2021-05-07-mobile-v0.0.19/index.html]
[obsidian.md/changelog/2021-02-05-desktop-v0.10.13/index.html]
[obsidian.md/changelog/2021-02-16-desktop-v0.11.1/index.html]
[obsidian.md/changelog/2021-01-28-desktop-v0.10.11/index.html]
[obsidian.md/changelog/2021-01-25-desktop-v0.10.10/index.html]
[obsidian.md/changelog/2021-01-07-desktop-v0.10.7/index.html]
[obsidian.md/changelog/2021-03-09-desktop-v0.11.6/index.html]
[obsidian.md/changelog/2020-12-30-desktop-v0.10.4/index.html]
[obsidian.md/changelog/2021-03-21-desktop-v0.11.8/index.html]
[obsidian.md/changelog/2021-01-04-desktop-v0.10.6/index.html]
[obsidian.md/changelog/2020-12-16-desktop-v0.10.1/index.html]
[obsidian.md/changelog/2020-12-02-desktop-v0.9.20/index.html]
[obsidian.md/changelog/2020-12-08-desktop-v0.9.22/index.html]
[obsidian.md/changelog/2020-11-21-desktop-v0.9.17/index.html]
[obsidian.md/changelog/2020-11-26-desktop-v0.9.19/index.html]
[obsidian.md/changelog/2020-11-17-desktop-v0.9.15/index.html]
[obsidian.md/changelog/2021-02-18-desktop-v0.11.2/index.html]
[obsidian.md/changelog/2020-10-30-desktop-v0.9.10/index.html]
[obsidian.md/changelog/2020-12-31-desktop-v0.10.5/index.html]
[obsidian.md/changelog/2020-11-10-desktop-v0.9.12/index.html]
[obsidian.md/changelog/2020-11-13-desktop-v0.9.14/index.html]
[obsidian.md/changelog/2020-12-14-desktop-v0.10.0/index.html]
[obsidian.md/changelog/2020-10-20-desktop-v0.9.6/index.html]
[obsidian.md/changelog/2020-10-29-desktop-v0.9.8/index.html]
[obsidian.md/changelog/2020-10-13-desktop-v0.9.4/index.html]
[obsidian.md/changelog/2020-09-24-desktop-v0.9.1/index.html]
[obsidian.md/changelog/2020-09-10-desktop-v0.8.14/index.html]
[obsidian.md/changelog/2020-09-07-desktop-v0.8.12/index.html]
[obsidian.md/changelog/2020-08-12-desktop-v0.8.4/index.html]
[obsidian.md/changelog/2020-08-24-desktop-v0.8.6/index.html]
[obsidian.md/changelog/2020-07-30-desktop-v0.8.2/index.html]
[obsidian.md/changelog/2020-07-01-desktop-v0.7.5/index.html]
[obsidian.md/changelog/2020-06-14-desktop-v0.7.3/index.html]
[obsidian.md/changelog/2020-05-24-desktop-v0.6.4/index.html]
[obsidian.md/changelog/2020-06-01-desktop-v0.6.6/index.html]
[obsidian.md/changelog/2020-05-22-desktop-v0.6.2/index.html]
[obsidian.md/changelog/2020-05-22-desktop-v0.6.1/index.html]
[obsidian.md/changelog/2020-10-29-desktop-v0.9.9/index.html]
[obsidian.md/changelog/2020-11-12-desktop-v0.9.13/index.html]
[raw.githubusercontent.com/blacksmithgu/obsidian-dataview/master/docs/docs/assets/game.png]
[user-images.githubusercontent.com/14358394/125159831-336d6880-e17a-11eb-8a3d-ceabc2555a08.png]
[raw.githubusercontent.com/colineckert/obsidian-things/main/assets/main-demo.png]
[raw.githubusercontent.com/chetachiezikeuzor/Yin-and-Yang-Theme/main/assets/screenshot.png]
[raw.githubusercontent.com/jdanielmourao/obsidian-sanctum/main/cover.png]
[obsidian.md/stats.js]
[obsidian.md/goty2021.html]
[raw.githubusercontent.com/damiankorcz/Obsidian-Prism/main/assets/screenshots/Community Themes Screenshot.png]
[raw.githubusercontent.com/Emrie-Candera/Bubble-Space-Theme/336ce1392ba191f3f28f69b6ae47f86c50ece000/screenshot.png]
[user-images.githubusercontent.com/89109712/139353712-622d9f53-cb69-49dd-a24d-8d14071d497e.gif]
[raw.githubusercontent.com/valentine195/obsidian-fantasy-calendar/master/assets/example.png]
[raw.githubusercontent.com/marcusolsson/obsidian-vale/main/screenshot.png]
[obsidian.md/october2021.html]
[obsidian.md/changelog/2023-09-22-mobile-v1.4.12/index.html]
[obsidian.md/changelog/2023-09-22-desktop-v1.4.14/index.html]
[obsidian.md/changelog/2023-09-15-desktop-v1.4.13/index.html]
[obsidian.md/changelog/2023-09-11-desktop-v1.4.12/index.html]
[obsidian.md/changelog/2023-09-11-desktop-v1.4.11/index.html]
[obsidian.md/changelog/2023-09-11-desktop-v1.4.10/index.html]
[obsidian.md/changelog/2023-09-07-desktop-v1.4.9/index.html]
[obsidian.md/changelog/2023-09-05-desktop-v1.4.8/index.html]
[obsidian.md/changelog/2023-09-02-desktop-v1.4.6/index.html]
[obsidian.md/changelog/2023-08-31-mobile-v1.4.8/index.html]
[obsidian.md/changelog/2023-08-31-desktop-v1.4.5/index.html]
[obsidian.md/changelog/2023-07-31-desktop-v1.4.3/index.html]
[obsidian.md/changelog/2023-07-31-desktop-v1.4.2/index.html]
[obsidian.md/changelog/2023-07-31-desktop-v1.3.7/index.html]
[obsidian.md/changelog/2023-07-27-desktop-v1.4.1/index.html]
[obsidian.md/changelog/2023-07-26-desktop-v1.4.0/index.html]
[obsidian.md/changelog/2023-07-24-publish/index.html]
[obsidian.md/changelog/page/5/index.html]
[obsidian.md/changelog/2020-09-01-desktop-v0.8.11/index.html]
[obsidian.md/changelog/2023-05-24-desktop-v1.3.4/index.html]
[obsidian.md/changelog/2020-08-31-desktop-v0.8.9/index.html]
[obsidian.md/changelog/2023-05-23-desktop-v1.3.3/index.html]
[obsidian.md/changelog/2023-05-23-mobile-v1.4.5/index.html]
[obsidian.md/changelog/2023-05-02-desktop-v1.2.7/index.html]
[obsidian.md/changelog/2020-08-31-desktop-v0.8.10/index.html]
[obsidian.md/changelog/2020-08-24-desktop-v0.8.8/index.html]
[obsidian.md/changelog/2020-08-24-desktop-v0.8.7/index.html]
[obsidian.md/changelog/page/14/index.html]
[obsidian.md/changelog/2020-06-13-desktop-v0.7.2/index.html]
[obsidian.md/changelog/2020-06-10-desktop-v0.7.1/index.html]
[obsidian.md/changelog/2020-06-09-desktop-v0.7.0/index.html]
[obsidian.md/changelog/2020-06-02-desktop-v0.6.7/index.html]
[obsidian.md/changelog/2023-06-01-desktop-v1.3.5/index.html]
[obsidian.md/changelog/2023-06-01-mobile-v1.4.7/index.html]
[obsidian.md/changelog/2023-05-02-mobile-v1.4.4/index.html]
[obsidian.md/changelog/2023-05-19-desktop-v1.3.2/index.html]
[obsidian.md/changelog/2023-04-04-desktop-v1.2.2/index.html]
[obsidian.md/changelog/2023-04-25-publish/index.html]
[obsidian.md/changelog/2023-02-16-desktop-v1.1.14/index.html]
[obsidian.md/changelog/2023-04-26-desktop-v1.2.6/index.html]
[obsidian.md/changelog/2022-10-26-desktop-v1.0.3/index.html]
[obsidian.md/changelog/page/6/index.html]
[obsidian.md/changelog/page/13/index.html]
[obsidian.md/changelog/2022-12-08-desktop-v1.1.2/index.html]
[obsidian.md/changelog/2022-10-20-desktop-v1.0.1/index.html]
[obsidian.md/changelog/2022-09-02-desktop-v0.16.2/index.html]
[obsidian.md/changelog/2022-10-20-desktop-v1.0.2/index.html]
[obsidian.md/changelog/2023-02-13-desktop-v1.1.13/index.html]
[obsidian.md/changelog/2022-05-27-desktop-v0.14.15/index.html]
[obsidian.md/changelog/2022-06-17-desktop-v0.15.2/index.html]
[obsidian.md/changelog/2022-08-31-desktop-v0.16.1/index.html]
[obsidian.md/changelog/2022-12-09-desktop-v1.1.3/index.html]
[obsidian.md/changelog/2022-05-16-desktop-v0.14.12/index.html]
[obsidian.md/changelog/2022-04-11-desktop-v0.14.6/index.html]
[obsidian.md/changelog/2022-03-19-mobile-v1.2.0/index.html]
[obsidian.md/changelog/2022-04-01-desktop-v0.14.5/index.html]
[obsidian.md/changelog/2022-03-09-desktop-v0.13.32/index.html]
[obsidian.md/changelog/2022-06-17-desktop-v0.15.3/index.html]
[obsidian.md/changelog/2022-03-17-desktop-v0.14.2/index.html]
[obsidian.md/changelog/2021-11-19-desktop-v0.13.3/index.html]
[obsidian.md/changelog/2021-12-03-desktop-v0.13.7/index.html]
[obsidian.md/changelog/2022-03-08-desktop-v0.13.31/index.html]
[obsidian.md/changelog/2022-05-26-desktop-v0.14.14/index.html]
[obsidian.md/changelog/2021-10-15-desktop-v0.12.19/index.html]
[obsidian.md/changelog/2021-11-12-desktop-v0.13.2/index.html]
[obsidian.md/changelog/2021-08-29-desktop-v0.12.15/index.html]
[obsidian.md/changelog/2021-06-02-mobile-v0.1.1/index.html]
[obsidian.md/changelog/2021-06-28-desktop-v0.12.8/index.html]
[obsidian.md/changelog/2022-05-24-desktop-v0.14.13/index.html]
[obsidian.md/changelog/2021-05-07-mobile-v0.0.19/index.html]
[obsidian.md/changelog/2021-12-09-desktop-v0.13.8/index.html]
[obsidian.md/changelog/2021-03-09-desktop-v0.11.6/index.html]
[obsidian.md/changelog/2021-06-30-desktop-v0.12.9/index.html]
[obsidian.md/changelog/2021-03-21-desktop-v0.11.8/index.html]
[obsidian.md/changelog/2021-05-03-desktop-v0.12.2/index.html]
[obsidian.md/changelog/2021-08-23-desktop-v0.12.14/index.html]
[obsidian.md/changelog/2021-02-18-desktop-v0.11.2/index.html]
[obsidian.md/changelog/2021-01-04-desktop-v0.10.6/index.html]
[obsidian.md/changelog/2020-12-31-desktop-v0.10.5/index.html]
[obsidian.md/changelog/2020-12-14-desktop-v0.10.0/index.html]
[obsidian.md/changelog/2020-11-13-desktop-v0.9.14/index.html]
[obsidian.md/changelog/2020-10-29-desktop-v0.9.9/index.html]
[obsidian.md/changelog/2020-11-12-desktop-v0.9.13/index.html]
[raw.githubusercontent.com/ceciliamay/obsidianmd-theme-primary/main/assets/primary-heroimg.png]
[cdn.discordapp.com/attachments/694233507500916796/925506283367432272/o_o.png]
[obsidian.md/changelog/2023-05-24-desktop-v1.3.4/index.html]
[obsidian.md/changelog/2023-05-23-mobile-v1.4.5/index.html]
[obsidian.md/changelog/2023-05-23-desktop-v1.3.3/index.html]
[obsidian.md/changelog/2023-05-02-desktop-v1.2.7/index.html]
[obsidian.md/changelog/2023-04-26-desktop-v1.2.6/index.html]
[obsidian.md/changelog/page/6/index.html]
[obsidian.md/changelog/2021-03-02-desktop-v0.11.5/index.html]
[obsidian.md/changelog/2021-03-21-desktop-v0.11.9/index.html]
[obsidian.md/changelog/page/13/index.html]
[obsidian.md/changelog/2021-02-20-desktop-v0.11.3/index.html]
[obsidian.md/changelog/2023-01-12-desktop-v1.1.12/index.html]
[obsidian.md/changelog/2023-02-13-desktop-v1.1.13/index.html]
[obsidian.md/changelog/2023-01-10-desktop-v1.1.11/index.html]
[obsidian.md/changelog/2023-01-10-mobile-v1.4.2/index.html]
[obsidian.md/changelog/2022-10-20-desktop-v1.0.2/index.html]
[obsidian.md/changelog/2023-01-10-desktop-v1.1.10/index.html]
[obsidian.md/changelog/2022-12-23-desktop-v1.1.9/index.html]
[obsidian.md/changelog/2022-12-09-desktop-v1.1.3/index.html]
[obsidian.md/changelog/2022-12-20-desktop-v1.1.8/index.html]
[obsidian.md/changelog/2022-12-19-desktop-v1.1.7/index.html]
[obsidian.md/changelog/2022-08-31-desktop-v0.16.1/index.html]
[obsidian.md/changelog/2022-12-16-desktop-v1.1.6/index.html]
[obsidian.md/changelog/2022-12-12-desktop-v1.1.4/index.html]
[obsidian.md/changelog/2022-12-14-desktop-v1.1.5/index.html]
[obsidian.md/changelog/2022-05-26-desktop-v0.14.14/index.html]
[obsidian.md/changelog/page/7/index.html]
[obsidian.md/changelog/2021-02-26-desktop-v0.11.4/index.html]
[obsidian.md/changelog/2022-06-17-desktop-v0.15.3/index.html]
[obsidian.md/changelog/2022-05-24-desktop-v0.14.13/index.html]
[obsidian.md/changelog/2022-03-08-desktop-v0.13.31/index.html]
[obsidian.md/changelog/2022-07-26-desktop-v0.15.9/index.html]
[obsidian.md/changelog/2021-12-09-desktop-v0.13.8/index.html]
[obsidian.md/changelog/page/12/index.html]
[obsidian.md/changelog/2021-08-23-desktop-v0.12.14/index.html]
[obsidian.md/changelog/2022-03-07-desktop-v0.13.30/index.html]
[obsidian.md/changelog/2022-07-05-desktop-v0.15.4/index.html]
[obsidian.md/changelog/2021-06-30-desktop-v0.12.9/index.html]
[obsidian.md/changelog/2021-05-03-desktop-v0.12.2/index.html]
[obsidian.md/changelog/2021-12-13-desktop-v0.13.9/index.html]
[obsidian.md/changelog/2021-03-02-desktop-v0.11.5/index.html]
[obsidian.md/changelog/2021-03-21-desktop-v0.11.9/index.html]
[obsidian.md/changelog/2021-08-03-desktop-v0.12.13/index.html]
[obsidian.md/changelog/2021-07-07-desktop-v0.12.10/index.html]
[obsidian.md/changelog/2021-04-30-mobile-v0.0.18/index.html]
[obsidian.md/changelog/2021-02-20-desktop-v0.11.3/index.html]
[obsidian.md/changelog/2023-01-12-desktop-v1.1.12/index.html]
[obsidian.md/changelog/2023-01-10-mobile-v1.4.2/index.html]
[obsidian.md/changelog/2023-01-10-desktop-v1.1.11/index.html]
[obsidian.md/changelog/2023-01-10-desktop-v1.1.10/index.html]
[obsidian.md/changelog/2022-12-23-desktop-v1.1.9/index.html]
[obsidian.md/changelog/2022-12-20-desktop-v1.1.8/index.html]
[obsidian.md/changelog/2022-12-19-desktop-v1.1.7/index.html]
[obsidian.md/changelog/2022-12-16-desktop-v1.1.6/index.html]
[obsidian.md/changelog/2022-12-14-desktop-v1.1.5/index.html]
[obsidian.md/changelog/2022-12-12-desktop-v1.1.4/index.html]
[obsidian.md/changelog/page/7/index.html]
[obsidian.md/changelog/2021-02-26-desktop-v0.11.4/index.html]
[obsidian.md/changelog/page/12/index.html]
[obsidian.md/changelog/2021-03-22-mobile-v0.0.13/index.html]
[obsidian.md/changelog/2022-07-26-desktop-v0.15.9/index.html]
[obsidian.md/changelog/2022-07-18-desktop-v0.15.7/index.html]
[obsidian.md/changelog/2022-07-22-desktop-v0.15.8/index.html]
[obsidian.md/changelog/2022-07-12-mobile-v1.3.0/index.html]
[obsidian.md/changelog/2022-07-05-desktop-v0.15.4/index.html]
[obsidian.md/changelog/2022-03-07-desktop-v0.13.30/index.html]
[obsidian.md/changelog/2022-07-12-desktop-v0.15.6/index.html]
[obsidian.md/changelog/2021-12-13-desktop-v0.13.9/index.html]
[obsidian.md/changelog/page/8/index.html]
[obsidian.md/changelog/2021-04-20-mobile-v0.0.17/index.html]
[obsidian.md/changelog/2021-04-20-desktop-v0.12.1/index.html]
[obsidian.md/changelog/2021-08-03-desktop-v0.12.13/index.html]
[obsidian.md/changelog/2021-07-07-desktop-v0.12.10/index.html]
[obsidian.md/changelog/2021-04-19-desktop-v0.12.0/index.html]
[obsidian.md/changelog/2021-04-30-mobile-v0.0.18/index.html]
[obsidian.md/changelog/2021-04-08-mobile-v0.0.16/index.html]
[obsidian.md/changelog/2021-04-01-desktop-v0.11.12/index.html]
[obsidian.md/changelog/2021-04-04-desktop-v0.11.13/index.html]
[obsidian.md/changelog/2021-03-22-mobile-v0.0.13/index.html]
[obsidian.md/changelog/2021-04-01-desktop-v0.11.11/index.html]
[obsidian.md/changelog/2021-03-30-mobile-v0.0.15/index.html]
[obsidian.md/changelog/2022-07-22-desktop-v0.15.8/index.html]
[obsidian.md/changelog/2021-03-26-desktop-v0.11.10/index.html]
[obsidian.md/changelog/2021-03-27-mobile-v0.0.14/index.html]
[obsidian.md/changelog/page/11/index.html]
[obsidian.md/changelog/2022-07-18-desktop-v0.15.7/index.html]
[obsidian.md/changelog/2022-07-08-desktop-v0.15.5/index.html]
[obsidian.md/changelog/2021-12-14-desktop-v0.13.10/index.html]
[obsidian.md/changelog/2022-07-12-mobile-v1.3.0/index.html]
[obsidian.md/changelog/2022-07-12-desktop-v0.15.6/index.html]
[obsidian.md/changelog/page/8/index.html]
[obsidian.md/changelog/2022-03-05-desktop-v0.13.29/index.html]
[obsidian.md/changelog/2021-04-20-mobile-v0.0.17/index.html]
[obsidian.md/changelog/2021-04-20-desktop-v0.12.1/index.html]
[obsidian.md/changelog/2021-04-19-desktop-v0.12.0/index.html]
[obsidian.md/changelog/2021-04-08-mobile-v0.0.16/index.html]
[obsidian.md/changelog/2021-04-04-desktop-v0.11.13/index.html]
[obsidian.md/changelog/2021-04-01-desktop-v0.11.12/index.html]
[obsidian.md/changelog/2021-04-01-desktop-v0.11.11/index.html]
[obsidian.md/changelog/2021-03-30-mobile-v0.0.15/index.html]
[obsidian.md/changelog/2021-03-27-mobile-v0.0.14/index.html]
[obsidian.md/changelog/2021-03-26-desktop-v0.11.10/index.html]
[obsidian.md/changelog/page/11/index.html]
[obsidian.md/changelog/2021-07-29-mobile-v0.1.4/index.html]
[obsidian.md/changelog/2022-07-08-desktop-v0.15.5/index.html]
[obsidian.md/changelog/2021-07-07-mobile-v1.0.0/index.html]
[obsidian.md/changelog/2021-07-26-desktop-v0.12.12/index.html]
[obsidian.md/changelog/page/9/index.html]
[obsidian.md/changelog/2021-07-19-desktop-v0.12.11/index.html]
[obsidian.md/changelog/2022-03-05-desktop-v0.13.29/index.html]
[obsidian.md/changelog/2021-07-15-mobile-v1.0.4/index.html]
[obsidian.md/changelog/2021-07-12-mobile-v1.0.3/index.html]
[obsidian.md/changelog/2021-07-11-mobile-v1.0.2/index.html]
[obsidian.md/changelog/2021-12-14-desktop-v0.13.10/index.html]
[obsidian.md/changelog/2021-07-29-mobile-v0.1.4/index.html]
[obsidian.md/changelog/2021-07-07-mobile-v1.0.0/index.html]
[obsidian.md/changelog/page/9/index.html]
[obsidian.md/changelog/page/10/index.html]
[obsidian.md/changelog/2021-07-26-desktop-v0.12.12/index.html]
[obsidian.md/changelog/2022-03-01-desktop-v0.13.28/index.html]
[obsidian.md/changelog/2021-12-17-desktop-v0.13.11/index.html]
[obsidian.md/changelog/2021-07-19-desktop-v0.12.11/index.html]
[obsidian.md/changelog/2022-02-28-desktop-v0.13.27/index.html]
[obsidian.md/changelog/2022-02-22-mobile-v1.1.0/index.html]
[obsidian.md/changelog/2022-02-18-desktop-v0.13.26/index.html]
[obsidian.md/changelog/2021-07-15-mobile-v1.0.4/index.html]
[obsidian.md/changelog/2021-07-12-mobile-v1.0.3/index.html]
[obsidian.md/changelog/2022-02-18-desktop-v0.13.25/index.html]
[obsidian.md/changelog/2021-07-11-mobile-v1.0.2/index.html]
[obsidian.md/changelog/2022-02-04-desktop-v0.13.24/index.html]
[obsidian.md/changelog/page/10/index.html]
[obsidian.md/changelog/2022-01-27-desktop-v0.13.23/index.html]
[obsidian.md/changelog/2022-01-24-desktop-v0.13.22/index.html]
[obsidian.md/changelog/2022-03-01-desktop-v0.13.28/index.html]
[obsidian.md/changelog/2022-01-17-desktop-v0.13.21/index.html]
[obsidian.md/changelog/2021-12-17-desktop-v0.13.11/index.html]
[obsidian.md/changelog/2022-01-17-desktop-v0.13.20/index.html]
[obsidian.md/changelog/2022-01-05-desktop-v0.13.19/index.html]
[obsidian.md/changelog/2022-01-02-desktop-v0.13.18/index.html]
[obsidian.md/changelog/2022-02-28-desktop-v0.13.27/index.html]
[obsidian.md/changelog/2021-12-29-desktop-v0.13.17/index.html]
[obsidian.md/changelog/2022-02-22-mobile-v1.1.0/index.html]
[obsidian.md/changelog/2021-12-24-desktop-v0.13.16/index.html]
[obsidian.md/changelog/2021-12-23-desktop-v0.13.15/index.html]
[obsidian.md/changelog/2021-12-21-desktop-v0.13.14/index.html]
[obsidian.md/changelog/2022-02-18-desktop-v0.13.26/index.html]
[obsidian.md/changelog/2022-02-18-desktop-v0.13.25/index.html]
[obsidian.md/changelog/2022-02-04-desktop-v0.13.24/index.html]
[obsidian.md/changelog/2022-01-27-desktop-v0.13.23/index.html]
[obsidian.md/changelog/2022-01-24-desktop-v0.13.22/index.html]
[obsidian.md/changelog/2022-01-17-desktop-v0.13.21/index.html]
[obsidian.md/changelog/2022-01-17-desktop-v0.13.20/index.html]
[obsidian.md/changelog/2022-01-05-desktop-v0.13.19/index.html]
[obsidian.md/changelog/2022-01-02-desktop-v0.13.18/index.html]
[obsidian.md/changelog/2021-12-29-desktop-v0.13.17/index.html]
[obsidian.md/changelog/2021-12-24-desktop-v0.13.16/index.html]
[obsidian.md/changelog/2021-12-23-desktop-v0.13.15/index.html]
[obsidian.md/changelog/2021-12-21-desktop-v0.13.14/index.html]
[obsidian.md/changelog/2021-12-20-desktop-v0.13.13/index.html]
[obsidian.md/changelog/2021-12-20-desktop-v0.13.13/index.html]
[obsidian.md/changelog/2021-12-17-desktop-v0.13.12/index.html]
[obsidian.md/changelog/2021-12-17-desktop-v0.13.12/index.html]
